// Jest Snapshot v1, https://goo.gl/fbAQLP

exports[`should render App component 1`] = `
Object {
  "asFragment": [Function],
  "baseElement": <body>
    <div>
      <div
        class="container-fluid"
      >
        <div
          class="row vh-100 bg-primary-subtle align-items-center"
        >
          <div
            class="col-md-12"
          >
            <h1
              class="text-center text-primary border border-primary shadow rounded m-2 p-2 fixed-top"
            >
              Find all pairs or sums equal to 10
            </h1>
            <div
              class="row justify-content-center"
            >
              <div
                class="col-md-6 border border-3 border-primary rounded shadow"
              >
                <div
                  class="row"
                >
                  <div
                    class="col border border-primary text-center fw-bold bg-white text-dark"
                    role="button"
                  >
                    11
                  </div>
                  <div
                    class="col border border-primary text-center fw-bold bg-white text-dark"
                    role="button"
                  >
                    12
                  </div>
                  <div
                    class="col border border-primary text-center fw-bold bg-white text-dark"
                    role="button"
                  >
                    13
                  </div>
                </div>
                <div
                  class="row"
                >
                  <div
                    class="col border border-primary text-center fw-bold bg-white text-dark"
                    role="button"
                  >
                    21
                  </div>
                  <div
                    class="col border border-primary text-center fw-bold bg-white text-dark"
                    role="button"
                  >
                    22
                  </div>
                  <div
                    class="col border border-primary text-center fw-bold bg-white text-dark"
                    role="button"
                  >
                    23
                  </div>
                </div>
                <div
                  class="row"
                >
                  <div
                    class="col border border-primary text-center fw-bold bg-white text-dark"
                    role="button"
                  >
                    31
                  </div>
                  <div
                    class="col border border-primary text-center fw-bold bg-white text-dark"
                    role="button"
                  >
                    32
                  </div>
                  <div
                    class="col border border-primary text-center fw-bold bg-white text-dark"
                    role="button"
                  >
                    33
                  </div>
                </div>
              </div>
            </div>
          </div>
        </div>
      </div>
    </div>
  </body>,
  "container": <div>
    <div
      class="container-fluid"
    >
      <div
        class="row vh-100 bg-primary-subtle align-items-center"
      >
        <div
          class="col-md-12"
        >
          <h1
            class="text-center text-primary border border-primary shadow rounded m-2 p-2 fixed-top"
          >
            Find all pairs or sums equal to 10
          </h1>
          <div
            class="row justify-content-center"
          >
            <div
              class="col-md-6 border border-3 border-primary rounded shadow"
            >
              <div
                class="row"
              >
                <div
                  class="col border border-primary text-center fw-bold bg-white text-dark"
                  role="button"
                >
                  11
                </div>
                <div
                  class="col border border-primary text-center fw-bold bg-white text-dark"
                  role="button"
                >
                  12
                </div>
                <div
                  class="col border border-primary text-center fw-bold bg-white text-dark"
                  role="button"
                >
                  13
                </div>
              </div>
              <div
                class="row"
              >
                <div
                  class="col border border-primary text-center fw-bold bg-white text-dark"
                  role="button"
                >
                  21
                </div>
                <div
                  class="col border border-primary text-center fw-bold bg-white text-dark"
                  role="button"
                >
                  22
                </div>
                <div
                  class="col border border-primary text-center fw-bold bg-white text-dark"
                  role="button"
                >
                  23
                </div>
              </div>
              <div
                class="row"
              >
                <div
                  class="col border border-primary text-center fw-bold bg-white text-dark"
                  role="button"
                >
                  31
                </div>
                <div
                  class="col border border-primary text-center fw-bold bg-white text-dark"
                  role="button"
                >
                  32
                </div>
                <div
                  class="col border border-primary text-center fw-bold bg-white text-dark"
                  role="button"
                >
                  33
                </div>
              </div>
            </div>
          </div>
        </div>
      </div>
    </div>
  </div>,
  "debug": [Function],
  "findAllByAltText": [Function],
  "findAllByDisplayValue": [Function],
  "findAllByLabelText": [Function],
  "findAllByPlaceholderText": [Function],
  "findAllByRole": [Function],
  "findAllByTestId": [Function],
  "findAllByText": [Function],
  "findAllByTitle": [Function],
  "findByAltText": [Function],
  "findByDisplayValue": [Function],
  "findByLabelText": [Function],
  "findByPlaceholderText": [Function],
  "findByRole": [Function],
  "findByTestId": [Function],
  "findByText": [Function],
  "findByTitle": [Function],
  "getAllByAltText": [Function],
  "getAllByDisplayValue": [Function],
  "getAllByLabelText": [Function],
  "getAllByPlaceholderText": [Function],
  "getAllByRole": [Function],
  "getAllByTestId": [Function],
  "getAllByText": [Function],
  "getAllByTitle": [Function],
  "getByAltText": [Function],
  "getByDisplayValue": [Function],
  "getByLabelText": [Function],
  "getByPlaceholderText": [Function],
  "getByRole": [Function],
  "getByTestId": [Function],
  "getByText": [Function],
  "getByTitle": [Function],
  "queryAllByAltText": [Function],
  "queryAllByDisplayValue": [Function],
  "queryAllByLabelText": [Function],
  "queryAllByPlaceholderText": [Function],
  "queryAllByRole": [Function],
  "queryAllByTestId": [Function],
  "queryAllByText": [Function],
  "queryAllByTitle": [Function],
  "queryByAltText": [Function],
  "queryByDisplayValue": [Function],
  "queryByLabelText": [Function],
  "queryByPlaceholderText": [Function],
  "queryByRole": [Function],
  "queryByTestId": [Function],
  "queryByText": [Function],
  "queryByTitle": [Function],
  "rerender": [Function],
  "unmount": [Function],
}
`;
